*----------------------------------------------------------------------------------------
*	Innovus 15.23-s045_1 (64bit) 04/22/2016 12:32 (Linux 2.6.18-194.el5)
*	
*
* 	Date & Time:	2025-Mar-21 23:52:29 (2025-Mar-22 06:52:29 GMT)
*
*----------------------------------------------------------------------------------------
*
*	Design: sram_w16_64
*
*	Liberty Libraries used: 
*	        WC_VIEW: /home/linux/ieng6/ee260bwi25/public/PDKdata/lib/tcbn65gpluswc.lib
*
*	Power Domain used: 
*		Rail:        VDD 	Voltage:        0.9 
*
*       Power View : WC_VIEW
*
*       User-Defined Activity : N.A.
*
*       Activity File: N.A.
*
*       Hierarchical Global Activity: N.A.
*
*       Global Activity: N.A.
*
*       Sequential Element Activity: 0.200000
*
*       Primary Input Activity: 0.200000
*
*       Default icg ratio: N.A.
*
*       Global Comb ClockGate Ratio: N.A.
*
*	Power Units = 1mW
*
*	Time Units = 1e-09 secs 
*
*       report_power -outfile sram_w16_64.post_route.power.rpt
*
-----------------------------------------------------------------------------------------


Total Power 
-----------------------------------------------------------------------------------------
Total Internal Power:        4.69886352 	   82.7126%
Total Switching Power:       0.93627796 	   16.4810%
Total Leakage Power:         0.04580857 	    0.8064%
Total Power:                 5.68095012 
-----------------------------------------------------------------------------------------


Group                           Internal   Switching     Leakage       Total  Percentage 
                                Power      Power         Power         Power  (%)        
-----------------------------------------------------------------------------------------
Sequential                         4.374     0.07522     0.03316       4.482        78.9 
Macro                                  0           0    0.006813    0.006813      0.1199 
IO                                     0           0           0           0           0 
Combinational                    0.06508      0.1683    0.004163      0.2376       4.182 
Clock (Combinational)             0.2599      0.6927    0.001673      0.9543        16.8 
Clock (Sequential)                     0           0           0           0           0 
-----------------------------------------------------------------------------------------
Total                              4.699      0.9363     0.04581       5.681         100 
-----------------------------------------------------------------------------------------


Rail                  Voltage   Internal   Switching     Leakage       Total  Percentage 
                                Power      Power         Power         Power  (%)        
-----------------------------------------------------------------------------------------
VDD                       0.9      4.699      0.9363     0.04581       5.681         100 


Clock                           Internal   Switching     Leakage       Total  Percentage 
                                Power      Power         Power         Power  (%)        
-----------------------------------------------------------------------------------------
clk                               0.2599      0.6927    0.001673      0.9543        16.8 
-----------------------------------------------------------------------------------------
Total (excluding duplicates)      0.2599      0.6927    0.001673      0.9543        16.8 
-----------------------------------------------------------------------------------------


-----------------------------------------------------------------------------------------
*	Power Distribution Summary: 
* 		Highest Average Power:   CTS_ccl_BUF_clk_G0_L1_7 (CKBD16): 	    0.1283 
* 		Highest Leakage Power:   CTS_ccl_BUF_clk_G0_L1_3 (CKBD16): 	 0.0002228 
* 		Total Cap: 	5.42729e-12 F
* 		Total instances in design:  1905
* 		Total instances in design with no power:     0
*          Total instances in design with no activity:     0
* 		Total Fillers and Decap:   955
-----------------------------------------------------------------------------------------

