*----------------------------------------------------------------------------------------
*	Innovus 15.23-s045_1 (64bit) 04/22/2016 12:32 (Linux 2.6.18-194.el5)
*	
*
* 	Date & Time:	2025-Mar-22 01:56:02 (2025-Mar-22 08:56:02 GMT)
*
*----------------------------------------------------------------------------------------
*
*	Design: core
*
*	Liberty Libraries used: 
*	        WC_VIEW: /home/linux/ieng6/ee260bwi25/public/PDKdata/lib/tcbn65gpluswc.lib
*	        WC_VIEW: ./subckt/sram_w16_160_WC.lib
*	        WC_VIEW: ./subckt/sram_w16_64_WC.lib
*
*	Power Domain used: 
*		Rail:        VDD 	Voltage:        0.9 
*
*       Power View : WC_VIEW
*
*       User-Defined Activity : N.A.
*
*       Activity File: N.A.
*
*       Hierarchical Global Activity: N.A.
*
*       Global Activity: N.A.
*
*       Sequential Element Activity: 0.200000
*
*       Primary Input Activity: 0.200000
*
*       Default icg ratio: N.A.
*
*       Global Comb ClockGate Ratio: N.A.
*
*	Power Units = 1mW
*
*	Time Units = 1e-09 secs 
*
*       report_power -outfile core.post_route.power.rpt
*
-----------------------------------------------------------------------------------------


Total Power 
-----------------------------------------------------------------------------------------
Total Internal Power:       60.58116418 	   60.4763%
Total Switching Power:      38.41404694 	   38.3476%
Total Leakage Power:         1.17812120 	    1.1761%
Total Power:               100.17333238 
-----------------------------------------------------------------------------------------


Group                           Internal   Switching     Leakage       Total  Percentage 
                                Power      Power         Power         Power  (%)        
-----------------------------------------------------------------------------------------
Sequential                         24.01       2.034      0.1618        26.2       26.16 
Macro                                  0      0.9899      0.1061       1.096       1.094 
IO                                     0           0           0           0           0 
Combinational                      32.52       30.16      0.8812       63.57       63.46 
Clock (Combinational)               4.05       5.227     0.02906       9.306        9.29 
Clock (Sequential)                     0           0           0           0           0 
-----------------------------------------------------------------------------------------
Total                              60.58       38.41       1.178       100.2         100 
-----------------------------------------------------------------------------------------


Rail                  Voltage   Internal   Switching     Leakage       Total  Percentage 
                                Power      Power         Power         Power  (%)        
-----------------------------------------------------------------------------------------
VDD                       0.9      60.58       38.41       1.178       100.2         100 


Clock                           Internal   Switching     Leakage       Total  Percentage 
                                Power      Power         Power         Power  (%)        
-----------------------------------------------------------------------------------------
clk                                 4.05       5.227     0.02906       9.306        9.29 
-----------------------------------------------------------------------------------------
Total (excluding duplicates)        4.05       5.227     0.02906       9.306        9.29 
-----------------------------------------------------------------------------------------


-----------------------------------------------------------------------------------------
*	Power Distribution Summary: 
* 		Highest Average Power:         psum_mem_instance (sram_w16_160): 	    0.8993 
* 		Highest Leakage Power: mac_array_instance/col_idx_8__mac_col_inst/mac_16in_instance/U1238 (FA1D4): 	 0.0002652 
* 		Total Cap: 	1.80253e-10 F
* 		Total instances in design: 35235
* 		Total instances in design with no power:     0
*          Total instances in design with no activity:     0
* 		Total Fillers and Decap: 13175
-----------------------------------------------------------------------------------------

